Archive member included to satisfy reference by file (symbol)

/opt/st/stm32cubeclt_1.17.0/GNU-tools-for-STM32/bin/../lib/gcc/arm-none-eabi/12.3.1/../../../../arm-none-eabi/lib/thumb/v7-m/nofp/libc_nano.a(libc_a-exit.o)
                              /opt/st/stm32cubeclt_1.17.0/GNU-tools-for-STM32/bin/../lib/gcc/arm-none-eabi/12.3.1/../../../../arm-none-eabi/lib/thumb/v7-m/nofp/crt0.o (exit)
/opt/st/stm32cubeclt_1.17.0/GNU-tools-for-STM32/bin/../lib/gcc/arm-none-eabi/12.3.1/../../../../arm-none-eabi/lib/thumb/v7-m/nofp/libc_nano.a(libc_a-findfp.o)
                              /opt/st/stm32cubeclt_1.17.0/GNU-tools-for-STM32/bin/../lib/gcc/arm-none-eabi/12.3.1/../../../../arm-none-eabi/lib/thumb/v7-m/nofp/libc_nano.a(libc_a-exit.o) (__stdio_exit_handler)
/opt/st/stm32cubeclt_1.17.0/GNU-tools-for-STM32/bin/../lib/gcc/arm-none-eabi/12.3.1/../../../../arm-none-eabi/lib/thumb/v7-m/nofp/libc_nano.a(libc_a-fwalk.o)
                              /opt/st/stm32cubeclt_1.17.0/GNU-tools-for-STM32/bin/../lib/gcc/arm-none-eabi/12.3.1/../../../../arm-none-eabi/lib/thumb/v7-m/nofp/libc_nano.a(libc_a-findfp.o) (_fwalk_sglue)
/opt/st/stm32cubeclt_1.17.0/GNU-tools-for-STM32/bin/../lib/gcc/arm-none-eabi/12.3.1/../../../../arm-none-eabi/lib/thumb/v7-m/nofp/libc_nano.a(libc_a-stdio.o)
                              /opt/st/stm32cubeclt_1.17.0/GNU-tools-for-STM32/bin/../lib/gcc/arm-none-eabi/12.3.1/../../../../arm-none-eabi/lib/thumb/v7-m/nofp/libc_nano.a(libc_a-findfp.o) (__sread)
/opt/st/stm32cubeclt_1.17.0/GNU-tools-for-STM32/bin/../lib/gcc/arm-none-eabi/12.3.1/../../../../arm-none-eabi/lib/thumb/v7-m/nofp/libc_nano.a(libc_a-memset.o)
                              /opt/st/stm32cubeclt_1.17.0/GNU-tools-for-STM32/bin/../lib/gcc/arm-none-eabi/12.3.1/../../../../arm-none-eabi/lib/thumb/v7-m/nofp/crt0.o (memset)
/opt/st/stm32cubeclt_1.17.0/GNU-tools-for-STM32/bin/../lib/gcc/arm-none-eabi/12.3.1/../../../../arm-none-eabi/lib/thumb/v7-m/nofp/libc_nano.a(libc_a-closer.o)
                              /opt/st/stm32cubeclt_1.17.0/GNU-tools-for-STM32/bin/../lib/gcc/arm-none-eabi/12.3.1/../../../../arm-none-eabi/lib/thumb/v7-m/nofp/libc_nano.a(libc_a-stdio.o) (_close_r)
/opt/st/stm32cubeclt_1.17.0/GNU-tools-for-STM32/bin/../lib/gcc/arm-none-eabi/12.3.1/../../../../arm-none-eabi/lib/thumb/v7-m/nofp/libc_nano.a(libc_a-reent.o)
                              /opt/st/stm32cubeclt_1.17.0/GNU-tools-for-STM32/bin/../lib/gcc/arm-none-eabi/12.3.1/../../../../arm-none-eabi/lib/thumb/v7-m/nofp/libc_nano.a(libc_a-closer.o) (errno)
/opt/st/stm32cubeclt_1.17.0/GNU-tools-for-STM32/bin/../lib/gcc/arm-none-eabi/12.3.1/../../../../arm-none-eabi/lib/thumb/v7-m/nofp/libc_nano.a(libc_a-impure.o)
                              /opt/st/stm32cubeclt_1.17.0/GNU-tools-for-STM32/bin/../lib/gcc/arm-none-eabi/12.3.1/../../../../arm-none-eabi/lib/thumb/v7-m/nofp/libc_nano.a(libc_a-reent.o) (_impure_ptr)
/opt/st/stm32cubeclt_1.17.0/GNU-tools-for-STM32/bin/../lib/gcc/arm-none-eabi/12.3.1/../../../../arm-none-eabi/lib/thumb/v7-m/nofp/libc_nano.a(libc_a-lseekr.o)
                              /opt/st/stm32cubeclt_1.17.0/GNU-tools-for-STM32/bin/../lib/gcc/arm-none-eabi/12.3.1/../../../../arm-none-eabi/lib/thumb/v7-m/nofp/libc_nano.a(libc_a-stdio.o) (_lseek_r)
/opt/st/stm32cubeclt_1.17.0/GNU-tools-for-STM32/bin/../lib/gcc/arm-none-eabi/12.3.1/../../../../arm-none-eabi/lib/thumb/v7-m/nofp/libc_nano.a(libc_a-readr.o)
                              /opt/st/stm32cubeclt_1.17.0/GNU-tools-for-STM32/bin/../lib/gcc/arm-none-eabi/12.3.1/../../../../arm-none-eabi/lib/thumb/v7-m/nofp/libc_nano.a(libc_a-stdio.o) (_read_r)
/opt/st/stm32cubeclt_1.17.0/GNU-tools-for-STM32/bin/../lib/gcc/arm-none-eabi/12.3.1/../../../../arm-none-eabi/lib/thumb/v7-m/nofp/libc_nano.a(libc_a-writer.o)
                              /opt/st/stm32cubeclt_1.17.0/GNU-tools-for-STM32/bin/../lib/gcc/arm-none-eabi/12.3.1/../../../../arm-none-eabi/lib/thumb/v7-m/nofp/libc_nano.a(libc_a-stdio.o) (_write_r)
/opt/st/stm32cubeclt_1.17.0/GNU-tools-for-STM32/bin/../lib/gcc/arm-none-eabi/12.3.1/../../../../arm-none-eabi/lib/thumb/v7-m/nofp/libc_nano.a(libc_a-init.o)
                              /opt/st/stm32cubeclt_1.17.0/GNU-tools-for-STM32/bin/../lib/gcc/arm-none-eabi/12.3.1/../../../../arm-none-eabi/lib/thumb/v7-m/nofp/crt0.o (__libc_init_array)
/opt/st/stm32cubeclt_1.17.0/GNU-tools-for-STM32/bin/../lib/gcc/arm-none-eabi/12.3.1/../../../../arm-none-eabi/lib/thumb/v7-m/nofp/libc_nano.a(libc_a-lock.o)
                              /opt/st/stm32cubeclt_1.17.0/GNU-tools-for-STM32/bin/../lib/gcc/arm-none-eabi/12.3.1/../../../../arm-none-eabi/lib/thumb/v7-m/nofp/libc_nano.a(libc_a-findfp.o) (__retarget_lock_init_recursive)
/opt/st/stm32cubeclt_1.17.0/GNU-tools-for-STM32/bin/../lib/gcc/arm-none-eabi/12.3.1/../../../../arm-none-eabi/lib/thumb/v7-m/nofp/libc_nano.a(libc_a-freer.o)
[...]
Memory Configuration

Name             Origin             Length             Attributes
RAM              0x20000000         0x00005000         xrw
FLASH            0x08000000         0x00010000         xr
*default*        0x00000000         0xffffffff

Linker script and memory map

LOAD /opt/st/stm32cubeclt_1.17.0/GNU-tools-for-STM32/bin/../lib/gcc/arm-none-eabi/12.3.1/thumb/v7-m/nofp/crti.o
LOAD /opt/st/stm32cubeclt_1.17.0/GNU-tools-for-STM32/bin/../lib/gcc/arm-none-eabi/12.3.1/thumb/v7-m/nofp/crtbegin.o
LOAD /opt/st/stm32cubeclt_1.17.0/GNU-tools-for-STM32/bin/../lib/gcc/arm-none-eabi/12.3.1/../../../../arm-none-eabi/lib/thumb/v7-m/nofp/crt0.o
START GROUP
LOAD /opt/st/stm32cubeclt_1.17.0/GNU-tools-for-STM32/bin/../lib/gcc/arm-none-eabi/12.3.1/../../../../arm-none-eabi/lib/thumb/v7-m/nofp/libc_nano.a
LOAD /opt/st/stm32cubeclt_1.17.0/GNU-tools-for-STM32/bin/../lib/gcc/arm-none-eabi/12.3.1/../../../../arm-none-eabi/lib/thumb/v7-m/nofp/libm.a
END GROUP
LOAD CMakeFiles/LED-Control.dir/Core/Src/main.c.obj
LOAD CMakeFiles/LED-Control.dir/Core/Src/stm32f1xx_it.c.obj
LOAD CMakeFiles/LED-Control.dir/Core/Src/stm32f1xx_hal_msp.c.obj
LOAD CMakeFiles/LED-Control.dir/Drivers/STM32F1xx_HAL_Driver/Src/stm32f1xx_hal_gpio_ex.c.obj
LOAD CMakeFiles/LED-Control.dir/Drivers/STM32F1xx_HAL_Driver/Src/stm32f1xx_hal.c.obj
LOAD CMakeFiles/LED-Control.dir/Drivers/STM32F1xx_HAL_Driver/Src/stm32f1xx_hal_rcc.c.obj
LOAD CMakeFiles/LED-Control.dir/Drivers/STM32F1xx_HAL_Driver/Src/stm32f1xx_hal_rcc_ex.c.obj
LOAD CMakeFiles/LED-Control.dir/Drivers/STM32F1xx_HAL_Driver/Src/stm32f1xx_hal_gpio.c.obj
LOAD CMakeFiles/LED-Control.dir/Drivers/STM32F1xx_HAL_Driver/Src/stm32f1xx_hal_dma.c.obj
LOAD CMakeFiles/LED-Control.dir/Drivers/STM32F1xx_HAL_Driver/Src/stm32f1xx_hal_cortex.c.obj
LOAD CMakeFiles/LED-Control.dir/Drivers/STM32F1xx_HAL_Driver/Src/stm32f1xx_hal_pwr.c.obj
LOAD CMakeFiles/LED-Control.dir/Drivers/STM32F1xx_HAL_Driver/Src/stm32f1xx_hal_flash.c.obj
LOAD CMakeFiles/LED-Control.dir/Drivers/STM32F1xx_HAL_Driver/Src/stm32f1xx_hal_flash_ex.c.obj
LOAD CMakeFiles/LED-Control.dir/Drivers/STM32F1xx_HAL_Driver/Src/stm32f1xx_hal_exti.c.obj
LOAD CMakeFiles/LED-Control.dir/Core/Src/system_stm32f1xx.c.obj
LOAD CMakeFiles/LED-Control.dir/Core/Src/sysmem.c.obj
LOAD CMakeFiles/LED-Control.dir/Core/Src/syscalls.c.obj
LOAD CMakeFiles/LED-Control.dir/startup_stm32f103xb.s.obj
START GROUP
LOAD /opt/st/stm32cubeclt_1.17.0/GNU-tools-for-STM32/bin/../lib/gcc/arm-none-eabi/12.3.1/thumb/v7-m/nofp/libgcc.a
LOAD /opt/st/stm32cubeclt_1.17.0/GNU-tools-for-STM32/bin/../lib/gcc/arm-none-eabi/12.3.1/../../../../arm-none-eabi/lib/thumb/v7-m/nofp/libg_nano.a
LOAD /opt/st/stm32cubeclt_1.17.0/GNU-tools-for-STM32/bin/../lib/gcc/arm-none-eabi/12.3.1/../../../../arm-none-eabi/lib/thumb/v7-m/nofp/libc_nano.a
END GROUP
START GROUP
LOAD /opt/st/stm32cubeclt_1.17.0/GNU-tools-for-STM32/bin/../lib/gcc/arm-none-eabi/12.3.1/thumb/v7-m/nofp/libgcc.a
LOAD /opt/st/stm32cubeclt_1.17.0/GNU-tools-for-STM32/bin/../lib/gcc/arm-none-eabi/12.3.1/../../../../arm-none-eabi/lib/thumb/v7-m/nofp/libc_nano.a
END GROUP
LOAD /opt/st/stm32cubeclt_1.17.0/GNU-tools-for-STM32/bin/../lib/gcc/arm-none-eabi/12.3.1/thumb/v7-m/nofp/crtend.o
LOAD /opt/st/stm32cubeclt_1.17.0/GNU-tools-for-STM32/bin/../lib/gcc/arm-none-eabi/12.3.1/thumb/v7-m/nofp/crtn.o
                0x20005000                        _estack = (ORIGIN (RAM) + LENGTH (RAM))
                0x00000200                        _Min_Heap_Size = 0x200
                0x00000400                        _Min_Stack_Size = 0x400

.isr_vector     0x08000000      0x10c
                0x08000000                        . = ALIGN (0x4)
 *(.isr_vector)
 .isr_vector    0x08000000      0x10c CMakeFiles/LED-Control.dir/startup_stm32f103xb.s.obj
                0x08000000                g_pfnVectors
                0x0800010c                        . = ALIGN (0x4)

.text           0x0800010c     0x10d0
                0x0800010c                        . = ALIGN (0x4)
 *(.text)
 .text          0x0800010c       0x40 /opt/st/stm32cubeclt_1.17.0/GNU-tools-for-STM32/bin/../lib/gcc/arm-none-eabi/12.3.1/thumb/v7-m/nofp/crtbegin.o
 *(.text*)
 .text.memset   0x0800014c       0x10 /opt/st/stm32cubeclt_1.17.0/GNU-tools-for-STM32/bin/../lib/gcc/arm-none-eabi/12.3.1/../../../../arm-none-eabi/lib/thumb/v7-m/nofp/libc_nano.a(libc_a-memset.o)
                0x0800014c                memset
 .text.__libc_init_array
                0x0800015c       0x48 /opt/st/stm32cubeclt_1.17.0/GNU-tools-for-STM32/bin/../lib/gcc/arm-none-eabi/12.3.1/../../../../arm-none-eabi/lib/thumb/v7-m/nofp/libc_nano.a(libc_a-init.o)
                0x0800015c                __libc_init_array
 .text.main     0x080001a4       0x40 CMakeFiles/LED-Control.dir/Core/Src/main.c.obj
                0x080001a4                main
 .text.SystemClock_Config
                0x080001e4       0x76 CMakeFiles/LED-Control.dir/Core/Src/main.c.obj
                0x080001e4                SystemClock_Config
 *fill*         0x0800025a        0x2 
 .text.MX_GPIO_Init
                0x0800025c       0x80 CMakeFiles/LED-Control.dir/Core/Src/main.c.obj
 .text.Error_Handler
                0x080002dc        0xc CMakeFiles/LED-Control.dir/Core/Src/main.c.obj
                0x080002dc                Error_Handler
 .text.NMI_Handler
                0x080002e8        0x8 CMakeFiles/LED-Control.dir/Core/Src/stm32f1xx_it.c.obj
                0x080002e8                NMI_Handler
 .text.HardFault_Handler
                0x080002f0        0x8 CMakeFiles/LED-Control.dir/Core/Src/stm32f1xx_it.c.obj
                0x080002f0                HardFault_Handler
 .text.MemManage_Handler
                0x080002f8        0x8 CMakeFiles/LED-Control.dir/Core/Src/stm32f1xx_it.c.obj
                0x080002f8                MemManage_Handler
 .text.BusFault_Handler
                0x08000300        0x8 CMakeFiles/LED-Control.dir/Core/Src/stm32f1xx_it.c.obj
                0x08000300                BusFault_Handler
 .text.UsageFault_Handler
                0x08000308        0x8 CMakeFiles/LED-Control.dir/Core/Src/stm32f1xx_it.c.obj
                0x08000308                UsageFault_Handler
 .text.SVC_Handler
                0x08000310        0xc CMakeFiles/LED-Control.dir/Core/Src/stm32f1xx_it.c.obj
                0x08000310                SVC_Handler
 .text.DebugMon_Handler
                0x0800031c        0xc CMakeFiles/LED-Control.dir/Core/Src/stm32f1xx_it.c.obj
                0x0800031c                DebugMon_Handler
 .text.PendSV_Handler
                0x08000328        0xc CMakeFiles/LED-Control.dir/Core/Src/stm32f1xx_it.c.obj
                0x08000328                PendSV_Handler
 .text.SysTick_Handler
                0x08000334        0xc CMakeFiles/LED-Control.dir/Core/Src/stm32f1xx_it.c.obj
                0x08000334                SysTick_Handler
 .text.HAL_MspInit
                0x08000340       0x64 CMakeFiles/LED-Control.dir/Core/Src/stm32f1xx_hal_msp.c.obj
                0x08000340                HAL_MspInit
 .text.HAL_Init
                0x080003a4       0x2c CMakeFiles/LED-Control.dir/Drivers/STM32F1xx_HAL_Driver/Src/stm32f1xx_hal.c.obj
                0x080003a4                HAL_Init
 .text.HAL_InitTick
                0x080003d0       0x60 CMakeFiles/LED-Control.dir/Drivers/STM32F1xx_HAL_Driver/Src/stm32f1xx_hal.c.obj
                0x080003d0                HAL_InitTick
 .text.HAL_IncTick
                0x08000430       0x24 CMakeFiles/LED-Control.dir/Drivers/STM32F1xx_HAL_Driver/Src/stm32f1xx_hal.c.obj
                0x08000430                HAL_IncTick
 .text.HAL_GetTick
                0x08000454       0x14 CMakeFiles/LED-Control.dir/Drivers/STM32F1xx_HAL_Driver/Src/stm32f1xx_hal.c.obj
                0x08000454                HAL_GetTick
 .text.HAL_Delay
                0x08000468       0x48 CMakeFiles/LED-Control.dir/Drivers/STM32F1xx_HAL_Driver/Src/stm32f1xx_hal.c.obj
                0x08000468                HAL_Delay
 .text.HAL_RCC_OscConfig
                0x080004b0      0x504 CMakeFiles/LED-Control.dir/Drivers/STM32F1xx_HAL_Driver/Src/stm32f1xx_hal_rcc.c.obj
                0x080004b0                HAL_RCC_OscConfig
 .text.HAL_RCC_ClockConfig
                0x080009b4      0x1d4 CMakeFiles/LED-Control.dir/Drivers/STM32F1xx_HAL_Driver/Src/stm32f1xx_hal_rcc.c.obj
                0x080009b4                HAL_RCC_ClockConfig
 .text.HAL_RCC_GetSysClockFreq
                0x08000b88       0xa8 CMakeFiles/LED-Control.dir/Drivers/STM32F1xx_HAL_Driver/Src/stm32f1xx_hal_rcc.c.obj
                0x08000b88                HAL_RCC_GetSysClockFreq
 .text.RCC_Delay
                0x08000c30       0x3c CMakeFiles/LED-Control.dir/Drivers/STM32F1xx_HAL_Driver/Src/stm32f1xx_hal_rcc.c.obj
 .text.HAL_GPIO_Init
                0x08000c6c      0x308 CMakeFiles/LED-Control.dir/Drivers/STM32F1xx_HAL_Driver/Src/stm32f1xx_hal_gpio.c.obj
                0x08000c6c                HAL_GPIO_Init
 .text.HAL_GPIO_WritePin
                0x08000f74       0x30 CMakeFiles/LED-Control.dir/Drivers/STM32F1xx_HAL_Driver/Src/stm32f1xx_hal_gpio.c.obj
                0x08000f74                HAL_GPIO_WritePin
 .text.__NVIC_SetPriorityGrouping
                0x08000fa4       0x48 CMakeFiles/LED-Control.dir/Drivers/STM32F1xx_HAL_Driver/Src/stm32f1xx_hal_cortex.c.obj
 .text.__NVIC_GetPriorityGrouping
                0x08000fec       0x1c CMakeFiles/LED-Control.dir/Drivers/STM32F1xx_HAL_Driver/Src/stm32f1xx_hal_cortex.c.obj
 .text.__NVIC_SetPriority
                0x08001008       0x54 CMakeFiles/LED-Control.dir/Drivers/STM32F1xx_HAL_Driver/Src/stm32f1xx_hal_cortex.c.obj
 .text.NVIC_EncodePriority
                0x0800105c       0x64 CMakeFiles/LED-Control.dir/Drivers/STM32F1xx_HAL_Driver/Src/stm32f1xx_hal_cortex.c.obj
 .text.SysTick_Config
                0x080010c0       0x44 CMakeFiles/LED-Control.dir/Drivers/STM32F1xx_HAL_Driver/Src/stm32f1xx_hal_cortex.c.obj
 .text.HAL_NVIC_SetPriorityGrouping
                0x08001104       0x16 CMakeFiles/LED-Control.dir/Drivers/STM32F1xx_HAL_Driver/Src/stm32f1xx_hal_cortex.c.obj
                0x08001104                HAL_NVIC_SetPriorityGrouping
 .text.HAL_NVIC_SetPriority
                0x0800111a       0x38 CMakeFiles/LED-Control.dir/Drivers/STM32F1xx_HAL_Driver/Src/stm32f1xx_hal_cortex.c.obj
                0x0800111a                HAL_NVIC_SetPriority
 .text.HAL_SYSTICK_Config
                0x08001152       0x18 CMakeFiles/LED-Control.dir/Drivers/STM32F1xx_HAL_Driver/Src/stm32f1xx_hal_cortex.c.obj
                0x08001152                HAL_SYSTICK_Config
 .text.SystemInit
                0x0800116a        0xc CMakeFiles/LED-Control.dir/Core/Src/system_stm32f1xx.c.obj
                0x0800116a                SystemInit
 *fill*         0x08001176        0x2 
 .text.Reset_Handler
                0x08001178       0x48 CMakeFiles/LED-Control.dir/startup_stm32f103xb.s.obj
                0x08001178                Reset_Handler
 .text.Default_Handler
                0x080011c0        0x2 CMakeFiles/LED-Control.dir/startup_stm32f103xb.s.obj
                0x080011c0                RTC_Alarm_IRQHandler
                0x080011c0                EXTI2_IRQHandler
                0x080011c0                TIM1_CC_IRQHandler
                0x080011c0                PVD_IRQHandler
                0x080011c0                EXTI3_IRQHandler
                0x080011c0                EXTI0_IRQHandler
                0x080011c0                I2C2_EV_IRQHandler
                0x080011c0                ADC1_2_IRQHandler
                0x080011c0                SPI1_IRQHandler
                0x080011c0                TAMPER_IRQHandler
                0x080011c0                DMA1_Channel4_IRQHandler
                0x080011c0                USART3_IRQHandler
                0x080011c0                RTC_IRQHandler
                0x080011c0                DMA1_Channel7_IRQHandler
                0x080011c0                CAN1_RX1_IRQHandler
                0x080011c0                TIM4_IRQHandler
                0x080011c0                I2C1_EV_IRQHandler
                0x080011c0                DMA1_Channel6_IRQHandler
                0x080011c0                TIM3_IRQHandler
                0x080011c0                RCC_IRQHandler
                0x080011c0                TIM1_TRG_COM_IRQHandler
                0x080011c0                DMA1_Channel1_IRQHandler
                0x080011c0                Default_Handler
                0x080011c0                EXTI15_10_IRQHandler
                0x080011c0                EXTI9_5_IRQHandler
                0x080011c0                SPI2_IRQHandler
                0x080011c0                DMA1_Channel5_IRQHandler
                0x080011c0                EXTI4_IRQHandler
                0x080011c0                USB_LP_CAN1_RX0_IRQHandler
                0x080011c0                USB_HP_CAN1_TX_IRQHandler
                0x080011c0                DMA1_Channel3_IRQHandler
                0x080011c0                TIM1_UP_IRQHandler
                0x080011c0                WWDG_IRQHandler
                0x080011c0                TIM2_IRQHandler
                0x080011c0                TIM1_BRK_IRQHandler
                0x080011c0                EXTI1_IRQHandler
                0x080011c0                USART2_IRQHandler
                0x080011c0                I2C2_ER_IRQHandler
                0x080011c0                DMA1_Channel2_IRQHandler
                0x080011c0                CAN1_SCE_IRQHandler
                0x080011c0                FLASH_IRQHandler
                0x080011c0                USART1_IRQHandler
                0x080011c0                I2C1_ER_IRQHandler
                0x080011c0                USBWakeUp_IRQHandler
 *(.glue_7)
 .glue_7        0x080011c2        0x0 linker stubs
 *(.glue_7t)
 .glue_7t       0x080011c2        0x0 linker stubs
 *(.eh_frame)
 *fill*         0x080011c2        0x2 
 .eh_frame      0x080011c4        0x0 /opt/st/stm32cubeclt_1.17.0/GNU-tools-for-STM32/bin/../lib/gcc/arm-none-eabi/12.3.1/thumb/v7-m/nofp/crtbegin.o
 *(.init)
 .init          0x080011c4        0x4 /opt/st/stm32cubeclt_1.17.0/GNU-tools-for-STM32/bin/../lib/gcc/arm-none-eabi/12.3.1/thumb/v7-m/nofp/crti.o
                0x080011c4                _init
 .init          0x080011c8        0x8 /opt/st/stm32cubeclt_1.17.0/GNU-tools-for-STM32/bin/../lib/gcc/arm-none-eabi/12.3.1/thumb/v7-m/nofp/crtn.o
 *(.fini)
 .fini          0x080011d0        0x4 /opt/st/stm32cubeclt_1.17.0/GNU-tools-for-STM32/bin/../lib/gcc/arm-none-eabi/12.3.1/thumb/v7-m/nofp/crti.o
                0x080011d0                _fini
 .fini          0x080011d4        0x8 /opt/st/stm32cubeclt_1.17.0/GNU-tools-for-STM32/bin/../lib/gcc/arm-none-eabi/12.3.1/thumb/v7-m/nofp/crtn.o
                0x080011dc                        . = ALIGN (0x4)
                0x080011dc                        _etext = .

.vfp11_veneer   0x080011dc        0x0
 .vfp11_veneer  0x080011dc        0x0 linker stubs

.v4_bx          0x080011dc        0x0
 .v4_bx         0x080011dc        0x0 linker stubs

.iplt           0x080011dc        0x0
 .iplt          0x080011dc        0x0 /opt/st/stm32cubeclt_1.17.0/GNU-tools-for-STM32/bin/../lib/gcc/arm-none-eabi/12.3.1/thumb/v7-m/nofp/crtbegin.o

.rodata         0x080011dc       0x24
                0x080011dc                        . = ALIGN (0x4)
 *(.rodata)
 *(.rodata*)
 .rodata.aPLLMULFactorTable.1
                0x080011dc       0x10 CMakeFiles/LED-Control.dir/Drivers/STM32F1xx_HAL_Driver/Src/stm32f1xx_hal_rcc.c.obj
 .rodata.aPredivFactorTable.0
                0x080011ec        0x2 CMakeFiles/LED-Control.dir/Drivers/STM32F1xx_HAL_Driver/Src/stm32f1xx_hal_rcc.c.obj
 *fill*         0x080011ee        0x2 
 .rodata.AHBPrescTable
                0x080011f0       0x10 CMakeFiles/LED-Control.dir/Core/Src/system_stm32f1xx.c.obj
                0x080011f0                AHBPrescTable
                0x08001200                        . = ALIGN (0x4)

.rel.dyn        0x08001200        0x0
 .rel.iplt      0x08001200        0x0 /opt/st/stm32cubeclt_1.17.0/GNU-tools-for-STM32/bin/../lib/gcc/arm-none-eabi/12.3.1/thumb/v7-m/nofp/crtbegin.o

.ARM.extab
 *(.ARM.extab* .gnu.linkonce.armextab.*)

.ARM            0x08001200        0x0
                0x08001200                        __exidx_start = .
 *(.ARM.exidx*)
                0x08001200                        __exidx_end = .

.preinit_array  0x08001200        0x0
                0x08001200                        PROVIDE (__preinit_array_start = .)
 *(.preinit_array*)
                0x08001200                        PROVIDE (__preinit_array_end = .)

.init_array     0x08001200        0x4
                0x08001200                        PROVIDE (__init_array_start = .)
 *(SORT_BY_NAME(.init_array.*))
 *(.init_array*)
 .init_array    0x08001200        0x4 /opt/st/stm32cubeclt_1.17.0/GNU-tools-for-STM32/bin/../lib/gcc/arm-none-eabi/12.3.1/thumb/v7-m/nofp/crtbegin.o
                0x08001204                        PROVIDE (__init_array_end = .)

.fini_array     0x08001204        0x4
                [!provide]                        PROVIDE (__fini_array_start = .)
 *(SORT_BY_NAME(.fini_array.*))
 *(.fini_array*)
 .fini_array    0x08001204        0x4 /opt/st/stm32cubeclt_1.17.0/GNU-tools-for-STM32/bin/../lib/gcc/arm-none-eabi/12.3.1/thumb/v7-m/nofp/crtbegin.o
                [!provide]                        PROVIDE (__fini_array_end = .)
                0x08001208                        _sidata = LOADADDR (.data)

.data           0x20000000        0xc load address 0x08001208
                0x20000000                        . = ALIGN (0x4)
                0x20000000                        _sdata = .
 *(.data)
 *(.data*)
 .data.uwTickPrio
                0x20000000        0x4 CMakeFiles/LED-Control.dir/Drivers/STM32F1xx_HAL_Driver/Src/stm32f1xx_hal.c.obj
                0x20000000                uwTickPrio
 .data.uwTickFreq
                0x20000004        0x1 CMakeFiles/LED-Control.dir/Drivers/STM32F1xx_HAL_Driver/Src/stm32f1xx_hal.c.obj
                0x20000004                uwTickFreq
 *fill*         0x20000005        0x3 
 .data.SystemCoreClock
                0x20000008        0x4 CMakeFiles/LED-Control.dir/Core/Src/system_stm32f1xx.c.obj
                0x20000008                SystemCoreClock
                0x2000000c                        . = ALIGN (0x4)
                0x2000000c                        _edata = .

.igot.plt       0x2000000c        0x0 load address 0x08001214
 .igot.plt      0x2000000c        0x0 /opt/st/stm32cubeclt_1.17.0/GNU-tools-for-STM32/bin/../lib/gcc/arm-none-eabi/12.3.1/thumb/v7-m/nofp/crtbegin.o
                0x2000000c                        . = ALIGN (0x4)

.bss            0x2000000c       0x20 load address 0x08001214
                0x2000000c                        _sbss = .
                0x2000000c                        __bss_start__ = _sbss
 *(.bss)
 .bss           0x2000000c       0x1c /opt/st/stm32cubeclt_1.17.0/GNU-tools-for-STM32/bin/../lib/gcc/arm-none-eabi/12.3.1/thumb/v7-m/nofp/crtbegin.o
 *(.bss*)
 .bss.uwTick    0x20000028        0x4 CMakeFiles/LED-Control.dir/Drivers/STM32F1xx_HAL_Driver/Src/stm32f1xx_hal.c.obj
                0x20000028                uwTick
 *(COMMON)
                0x2000002c                        . = ALIGN (0x4)
                0x2000002c                        _ebss = .
                0x2000002c                        __bss_end__ = _ebss

._user_heap_stack
                0x2000002c      0x604 load address 0x08001214
                0x20000030                        . = ALIGN (0x8)
 *fill*         0x2000002c        0x4 
                [!provide]                        PROVIDE (end = .)
                0x20000030                        PROVIDE (_end = .)
                0x20000230                        . = (. + _Min_Heap_Size)
 *fill*         0x20000030      0x200 
                0x20000630                        . = (. + _Min_Stack_Size)
 *fill*         0x20000230      0x400 
                0x20000630                        . = ALIGN (0x8)

/DISCARD/
 libc.a(*)
 libm.a(*)
 libgcc.a(*)
OUTPUT(LED-Control.elf elf32-littlearm)
LOAD linker stubs
LOAD /opt/st/stm32cubeclt_1.17.0/GNU-tools-for-STM32/bin/../lib/gcc/arm-none-eabi/12.3.1/../../../../arm-none-eabi/lib/thumb/v7-m/nofp/libc.a
LOAD /opt/st/stm32cubeclt_1.17.0/GNU-tools-for-STM32/bin/../lib/gcc/arm-none-eabi/12.3.1/../../../../arm-none-eabi/lib/thumb/v7-m/nofp/libm.a
LOAD /opt/st/stm32cubeclt_1.17.0/GNU-tools-for-STM32/bin/../lib/gcc/arm-none-eabi/12.3.1/thumb/v7-m/nofp/libgcc.a

.ARM.attributes
                0x00000000       0x29
 .ARM.attributes
                0x00000000       0x1d /opt/st/stm32cubeclt_1.17.0/GNU-tools-for-STM32/bin/../lib/gcc/arm-none-eabi/12.3.1/thumb/v7-m/nofp/crti.o
 .ARM.attributes
                0x0000001d       0x2d /opt/st/stm32cubeclt_1.17.0/GNU-tools-for-STM32/bin/../lib/gcc/arm-none-eabi/12.3.1/thumb/v7-m/nofp/crtbegin.o
 .ARM.attributes
                0x0000004a       0x2d /opt/st/stm32cubeclt_1.17.0/GNU-tools-for-STM32/bin/../lib/gcc/arm-none-eabi/12.3.1/../../../../arm-none-eabi/lib/thumb/v7-m/nofp/libc_nano.a(libc_a-memset.o)
 .ARM.attributes
                0x00000077       0x2d /opt/st/stm32cubeclt_1.17.0/GNU-tools-for-STM32/bin/../lib/gcc/arm-none-eabi/12.3.1/../../../../arm-none-eabi/lib/thumb/v7-m/nofp/libc_nano.a(libc_a-init.o)
 .ARM.attributes
                0x000000a4       0x2d CMakeFiles/LED-Control.dir/Core/Src/main.c.obj
 .ARM.attributes
                0x000000d1       0x2d CMakeFiles/LED-Control.dir/Core/Src/stm32f1xx_it.c.obj
 .ARM.attributes
                0x000000fe       0x2d CMakeFiles/LED-Control.dir/Core/Src/stm32f1xx_hal_msp.c.obj
 .ARM.attributes
                0x0000012b       0x2d CMakeFiles/LED-Control.dir/Drivers/STM32F1xx_HAL_Driver/Src/stm32f1xx_hal.c.obj
 .ARM.attributes
                0x00000158       0x2d CMakeFiles/LED-Control.dir/Drivers/STM32F1xx_HAL_Driver/Src/stm32f1xx_hal_rcc.c.obj
 .ARM.attributes
                0x00000185       0x2d CMakeFiles/LED-Control.dir/Drivers/STM32F1xx_HAL_Driver/Src/stm32f1xx_hal_gpio.c.obj
 .ARM.attributes
                0x000001b2       0x2d CMakeFiles/LED-Control.dir/Drivers/STM32F1xx_HAL_Driver/Src/stm32f1xx_hal_cortex.c.obj
 .ARM.attributes
                0x000001df       0x2d CMakeFiles/LED-Control.dir/Core/Src/system_stm32f1xx.c.obj
 .ARM.attributes
                0x0000020c       0x21 CMakeFiles/LED-Control.dir/startup_stm32f103xb.s.obj
 .ARM.attributes
                0x0000022d       0x1d /opt/st/stm32cubeclt_1.17.0/GNU-tools-for-STM32/bin/../lib/gcc/arm-none-eabi/12.3.1/thumb/v7-m/nofp/crtn.o

.comment        0x00000000       0x43
 .comment       0x00000000       0x43 CMakeFiles/LED-Control.dir/Core/Src/main.c.obj
                                 0x44 (size before relaxing)
 .comment       0x00000043       0x44 CMakeFiles/LED-Control.dir/Core/Src/stm32f1xx_it.c.obj
 .comment       0x00000043       0x44 CMakeFiles/LED-Control.dir/Core/Src/stm32f1xx_hal_msp.c.obj
 .comment       0x00000043       0x44 CMakeFiles/LED-Control.dir/Drivers/STM32F1xx_HAL_Driver/Src/stm32f1xx_hal.c.obj
 .comment       0x00000043       0x44 CMakeFiles/LED-Control.dir/Drivers/STM32F1xx_HAL_Driver/Src/stm32f1xx_hal_rcc.c.obj
 .comment       0x00000043       0x44 CMakeFiles/LED-Control.dir/Drivers/STM32F1xx_HAL_Driver/Src/stm32f1xx_hal_gpio.c.obj
 .comment       0x00000043       0x44 CMakeFiles/LED-Control.dir/Drivers/STM32F1xx_HAL_Driver/Src/stm32f1xx_hal_cortex.c.obj
 .comment       0x00000043       0x44 CMakeFiles/LED-Control.dir/Core/Src/system_stm32f1xx.c.obj

.debug_frame    0x00000000      0xd2c
 .debug_frame   0x00000000       0x20 /opt/st/stm32cubeclt_1.17.0/GNU-tools-for-STM32/bin/../lib/gcc/arm-none-eabi/12.3.1/../../../../arm-none-eabi/lib/thumb/v7-m/nofp/libc_nano.a(libc_a-memset.o)
 .debug_frame   0x00000020       0x2c /opt/st/stm32cubeclt_1.17.0/GNU-tools-for-STM32/bin/../lib/gcc/arm-none-eabi/12.3.1/../../../../arm-none-eabi/lib/thumb/v7-m/nofp/libc_nano.a(libc_a-init.o)
 .debug_frame   0x0000004c       0x8c CMakeFiles/LED-Control.dir/Core/Src/main.c.obj
 .debug_frame   0x000000d8      0x104 CMakeFiles/LED-Control.dir/Core/Src/stm32f1xx_it.c.obj
 .debug_frame   0x000001dc       0x38 CMakeFiles/LED-Control.dir/Core/Src/stm32f1xx_hal_msp.c.obj
 .debug_frame   0x00000214      0x334 CMakeFiles/LED-Control.dir/Drivers/STM32F1xx_HAL_Driver/Src/stm32f1xx_hal.c.obj
 .debug_frame   0x00000548      0x218 CMakeFiles/LED-Control.dir/Drivers/STM32F1xx_HAL_Driver/Src/stm32f1xx_hal_rcc.c.obj
 .debug_frame   0x00000760      0x14c CMakeFiles/LED-Control.dir/Drivers/STM32F1xx_HAL_Driver/Src/stm32f1xx_hal_gpio.c.obj
 .debug_frame   0x000008ac      0x428 CMakeFiles/LED-Control.dir/Drivers/STM32F1xx_HAL_Driver/Src/stm32f1xx_hal_cortex.c.obj
 .debug_frame   0x00000cd4       0x58 CMakeFiles/LED-Control.dir/Core/Src/system_stm32f1xx.c.obj

.debug_info     0x00000000     0x2904
 .debug_info    0x00000000      0x4a3 CMakeFiles/LED-Control.dir/Core/Src/main.c.obj
 .debug_info    0x000004a3      0x113 CMakeFiles/LED-Control.dir/Core/Src/stm32f1xx_it.c.obj
 .debug_info    0x000005b6      0x1f1 CMakeFiles/LED-Control.dir/Core/Src/stm32f1xx_hal_msp.c.obj
 .debug_info    0x000007a7      0x704 CMakeFiles/LED-Control.dir/Drivers/STM32F1xx_HAL_Driver/Src/stm32f1xx_hal.c.obj
 .debug_info    0x00000eab      0x7d5 CMakeFiles/LED-Control.dir/Drivers/STM32F1xx_HAL_Driver/Src/stm32f1xx_hal_rcc.c.obj
 .debug_info    0x00001680      0x5ab CMakeFiles/LED-Control.dir/Drivers/STM32F1xx_HAL_Driver/Src/stm32f1xx_hal_gpio.c.obj
 .debug_info    0x00001c2b      0xa87 CMakeFiles/LED-Control.dir/Drivers/STM32F1xx_HAL_Driver/Src/stm32f1xx_hal_cortex.c.obj
 .debug_info    0x000026b2      0x222 CMakeFiles/LED-Control.dir/Core/Src/system_stm32f1xx.c.obj
 .debug_info    0x000028d4       0x30 CMakeFiles/LED-Control.dir/startup_stm32f103xb.s.obj

.debug_abbrev   0x00000000      0xe1e
 .debug_abbrev  0x00000000      0x1f7 CMakeFiles/LED-Control.dir/Core/Src/main.c.obj
 .debug_abbrev  0x000001f7       0x73 CMakeFiles/LED-Control.dir/Core/Src/stm32f1xx_it.c.obj
 .debug_abbrev  0x0000026a       0xdb CMakeFiles/LED-Control.dir/Core/Src/stm32f1xx_hal_msp.c.obj
 .debug_abbrev  0x00000345      0x201 CMakeFiles/LED-Control.dir/Drivers/STM32F1xx_HAL_Driver/Src/stm32f1xx_hal.c.obj
 .debug_abbrev  0x00000546      0x2b3 CMakeFiles/LED-Control.dir/Drivers/STM32F1xx_HAL_Driver/Src/stm32f1xx_hal_rcc.c.obj
 .debug_abbrev  0x000007f9      0x1ca CMakeFiles/LED-Control.dir/Drivers/STM32F1xx_HAL_Driver/Src/stm32f1xx_hal_gpio.c.obj
 .debug_abbrev  0x000009c3      0x2f8 CMakeFiles/LED-Control.dir/Drivers/STM32F1xx_HAL_Driver/Src/stm32f1xx_hal_cortex.c.obj
 .debug_abbrev  0x00000cbb      0x13f CMakeFiles/LED-Control.dir/Core/Src/system_stm32f1xx.c.obj
 .debug_abbrev  0x00000dfa       0x24 CMakeFiles/LED-Control.dir/startup_stm32f103xb.s.obj

.debug_aranges  0x00000000      0x3d0
 .debug_aranges
                0x00000000       0x38 CMakeFiles/LED-Control.dir/Core/Src/main.c.obj
 .debug_aranges
                0x00000038       0x60 CMakeFiles/LED-Control.dir/Core/Src/stm32f1xx_it.c.obj
 .debug_aranges
                0x00000098       0x20 CMakeFiles/LED-Control.dir/Core/Src/stm32f1xx_hal_msp.c.obj
 .debug_aranges
                0x000000b8       0xe0 CMakeFiles/LED-Control.dir/Drivers/STM32F1xx_HAL_Driver/Src/stm32f1xx_hal.c.obj
 .debug_aranges
                0x00000198       0x90 CMakeFiles/LED-Control.dir/Drivers/STM32F1xx_HAL_Driver/Src/stm32f1xx_hal_rcc.c.obj
 .debug_aranges
                0x00000228       0x58 CMakeFiles/LED-Control.dir/Drivers/STM32F1xx_HAL_Driver/Src/stm32f1xx_hal_gpio.c.obj
 .debug_aranges
                0x00000280      0x100 CMakeFiles/LED-Control.dir/Drivers/STM32F1xx_HAL_Driver/Src/stm32f1xx_hal_cortex.c.obj
 .debug_aranges
                0x00000380       0x28 CMakeFiles/LED-Control.dir/Core/Src/system_stm32f1xx.c.obj
 .debug_aranges
                0x000003a8       0x28 CMakeFiles/LED-Control.dir/startup_stm32f103xb.s.obj

.debug_rnglists
                0x00000000      0x2b8
 .debug_rnglists
                0x00000000       0x26 CMakeFiles/LED-Control.dir/Core/Src/main.c.obj
 .debug_rnglists
                0x00000026       0x43 CMakeFiles/LED-Control.dir/Core/Src/stm32f1xx_it.c.obj
 .debug_rnglists
                0x00000069       0x13 CMakeFiles/LED-Control.dir/Core/Src/stm32f1xx_hal_msp.c.obj
 .debug_rnglists
                0x0000007c       0xa3 CMakeFiles/LED-Control.dir/Drivers/STM32F1xx_HAL_Driver/Src/stm32f1xx_hal.c.obj
 .debug_rnglists
                0x0000011f       0x6c CMakeFiles/LED-Control.dir/Drivers/STM32F1xx_HAL_Driver/Src/stm32f1xx_hal_rcc.c.obj
 .debug_rnglists
                0x0000018b       0x3f CMakeFiles/LED-Control.dir/Drivers/STM32F1xx_HAL_Driver/Src/stm32f1xx_hal_gpio.c.obj
 .debug_rnglists
                0x000001ca       0xbb CMakeFiles/LED-Control.dir/Drivers/STM32F1xx_HAL_Driver/Src/stm32f1xx_hal_cortex.c.obj
 .debug_rnglists
                0x00000285       0x1a CMakeFiles/LED-Control.dir/Core/Src/system_stm32f1xx.c.obj
 .debug_rnglists
                0x0000029f       0x19 CMakeFiles/LED-Control.dir/startup_stm32f103xb.s.obj

.debug_macro    0x00000000    0x1592d
 .debug_macro   0x00000000      0x18e CMakeFiles/LED-Control.dir/Core/Src/main.c.obj
 .debug_macro   0x0000018e      0xaa8 CMakeFiles/LED-Control.dir/Core/Src/main.c.obj
 .debug_macro   0x00000c36      0x20f CMakeFiles/LED-Control.dir/Core/Src/main.c.obj
 .debug_macro   0x00000e45       0x2e CMakeFiles/LED-Control.dir/Core/Src/main.c.obj
 .debug_macro   0x00000e73       0x22 CMakeFiles/LED-Control.dir/Core/Src/main.c.obj
 .debug_macro   0x00000e95       0x22 CMakeFiles/LED-Control.dir/Core/Src/main.c.obj
 .debug_macro   0x00000eb7       0x8e CMakeFiles/LED-Control.dir/Core/Src/main.c.obj
 .debug_macro   0x00000f45       0x51 CMakeFiles/LED-Control.dir/Core/Src/main.c.obj
 .debug_macro   0x00000f96      0x103 CMakeFiles/LED-Control.dir/Core/Src/main.c.obj
 .debug_macro   0x00001099       0x6a CMakeFiles/LED-Control.dir/Core/Src/main.c.obj
 .debug_macro   0x00001103      0x1df CMakeFiles/LED-Control.dir/Core/Src/main.c.obj
 .debug_macro   0x000012e2       0x1c CMakeFiles/LED-Control.dir/Core/Src/main.c.obj
 .debug_macro   0x000012fe       0x22 CMakeFiles/LED-Control.dir/Core/Src/main.c.obj
 .debug_macro   0x00001320       0xbd CMakeFiles/LED-Control.dir/Core/Src/main.c.obj
 .debug_macro   0x000013dd      0xd23 CMakeFiles/LED-Control.dir/Core/Src/main.c.obj
 .debug_macro   0x00002100     0xe09e CMakeFiles/LED-Control.dir/Core/Src/main.c.obj
 .debug_macro   0x0001019e       0x6d CMakeFiles/LED-Control.dir/Core/Src/main.c.obj
 .debug_macro   0x0001020b     0x34a2 CMakeFiles/LED-Control.dir/Core/Src/main.c.obj
 .debug_macro   0x000136ad      0x189 CMakeFiles/LED-Control.dir/Core/Src/main.c.obj
 .debug_macro   0x00013836       0x5c CMakeFiles/LED-Control.dir/Core/Src/main.c.obj
 .debug_macro   0x00013892      0x5bc CMakeFiles/LED-Control.dir/Core/Src/main.c.obj
 .debug_macro   0x00013e4e      0x289 CMakeFiles/LED-Control.dir/Core/Src/main.c.obj
 .debug_macro   0x000140d7      0x1cb CMakeFiles/LED-Control.dir/Core/Src/main.c.obj
 .debug_macro   0x000142a2      0x114 CMakeFiles/LED-Control.dir/Core/Src/main.c.obj
 .debug_macro   0x000143b6      0x1b2 CMakeFiles/LED-Control.dir/Core/Src/main.c.obj
 .debug_macro   0x00014568       0x27 CMakeFiles/LED-Control.dir/Core/Src/main.c.obj
 .debug_macro   0x0001458f      0x136 CMakeFiles/LED-Control.dir/Core/Src/main.c.obj
 .debug_macro   0x000146c5      0x1bc CMakeFiles/LED-Control.dir/Core/Src/main.c.obj
 .debug_macro   0x00014881       0x34 CMakeFiles/LED-Control.dir/Core/Src/main.c.obj
 .debug_macro   0x000148b5       0x3c CMakeFiles/LED-Control.dir/Core/Src/main.c.obj
 .debug_macro   0x000148f1       0x57 CMakeFiles/LED-Control.dir/Core/Src/main.c.obj
 .debug_macro   0x00014948       0x87 CMakeFiles/LED-Control.dir/Core/Src/main.c.obj
 .debug_macro   0x000149cf      0x240 CMakeFiles/LED-Control.dir/Core/Src/main.c.obj
 .debug_macro   0x00014c0f      0x140 CMakeFiles/LED-Control.dir/Core/Src/main.c.obj
 .debug_macro   0x00014d4f       0x83 CMakeFiles/LED-Control.dir/Core/Src/main.c.obj
 .debug_macro   0x00014dd2      0x198 CMakeFiles/LED-Control.dir/Core/Src/stm32f1xx_it.c.obj
 .debug_macro   0x00014f6a      0x18e CMakeFiles/LED-Control.dir/Core/Src/stm32f1xx_hal_msp.c.obj
 .debug_macro   0x000150f8      0x1a8 CMakeFiles/LED-Control.dir/Drivers/STM32F1xx_HAL_Driver/Src/stm32f1xx_hal.c.obj
 .debug_macro   0x000152a0      0x196 CMakeFiles/LED-Control.dir/Drivers/STM32F1xx_HAL_Driver/Src/stm32f1xx_hal_rcc.c.obj
 .debug_macro   0x00015436      0x1ef CMakeFiles/LED-Control.dir/Drivers/STM32F1xx_HAL_Driver/Src/stm32f1xx_hal_gpio.c.obj
 .debug_macro   0x00015625      0x184 CMakeFiles/LED-Control.dir/Drivers/STM32F1xx_HAL_Driver/Src/stm32f1xx_hal_cortex.c.obj
 .debug_macro   0x000157a9      0x184 CMakeFiles/LED-Control.dir/Core/Src/system_stm32f1xx.c.obj

.debug_line     0x00000000     0x465f
 .debug_line    0x00000000      0x6fe CMakeFiles/LED-Control.dir/Core/Src/main.c.obj
 .debug_line    0x000006fe      0x71b CMakeFiles/LED-Control.dir/Core/Src/stm32f1xx_it.c.obj
 .debug_line    0x00000e19      0x659 CMakeFiles/LED-Control.dir/Core/Src/stm32f1xx_hal_msp.c.obj
 .debug_line    0x00001472      0x904 CMakeFiles/LED-Control.dir/Drivers/STM32F1xx_HAL_Driver/Src/stm32f1xx_hal.c.obj
 .debug_line    0x00001d76      0xd0d CMakeFiles/LED-Control.dir/Drivers/STM32F1xx_HAL_Driver/Src/stm32f1xx_hal_rcc.c.obj
 .debug_line    0x00002a83      0x99d CMakeFiles/LED-Control.dir/Drivers/STM32F1xx_HAL_Driver/Src/stm32f1xx_hal_gpio.c.obj
 .debug_line    0x00003420      0xaf0 CMakeFiles/LED-Control.dir/Drivers/STM32F1xx_HAL_Driver/Src/stm32f1xx_hal_cortex.c.obj
 .debug_line    0x00003f10      0x6d7 CMakeFiles/LED-Control.dir/Core/Src/system_stm32f1xx.c.obj
 .debug_line    0x000045e7       0x78 CMakeFiles/LED-Control.dir/startup_stm32f103xb.s.obj

.debug_str      0x00000000    0x7bdf9
 .debug_str     0x00000000    0x7ac78 CMakeFiles/LED-Control.dir/Core/Src/main.c.obj
                              0x7afa4 (size before relaxing)
 .debug_str     0x0007ac78      0x101 CMakeFiles/LED-Control.dir/Core/Src/stm32f1xx_it.c.obj
                              0x7ad98 (size before relaxing)
 .debug_str     0x0007ad79       0x92 CMakeFiles/LED-Control.dir/Core/Src/stm32f1xx_hal_msp.c.obj
                              0x7ad83 (size before relaxing)
 .debug_str     0x0007ae0b      0x64f CMakeFiles/LED-Control.dir/Drivers/STM32F1xx_HAL_Driver/Src/stm32f1xx_hal.c.obj
                              0x7b4e1 (size before relaxing)
 .debug_str     0x0007b45a      0x287 CMakeFiles/LED-Control.dir/Drivers/STM32F1xx_HAL_Driver/Src/stm32f1xx_hal_rcc.c.obj
                              0x7b1dd (size before relaxing)
 .debug_str     0x0007b6e1      0x32e CMakeFiles/LED-Control.dir/Drivers/STM32F1xx_HAL_Driver/Src/stm32f1xx_hal_gpio.c.obj
                              0x7b134 (size before relaxing)
 .debug_str     0x0007ba0f      0x2f3 CMakeFiles/LED-Control.dir/Drivers/STM32F1xx_HAL_Driver/Src/stm32f1xx_hal_cortex.c.obj
                              0x7b42d (size before relaxing)
 .debug_str     0x0007bd02       0x8a CMakeFiles/LED-Control.dir/Core/Src/system_stm32f1xx.c.obj
                              0x7adae (size before relaxing)
 .debug_str     0x0007bd8c       0x6d CMakeFiles/LED-Control.dir/startup_stm32f103xb.s.obj
                                 0xb4 (size before relaxing)

.debug_line_str
                0x00000000       0x98
 .debug_line_str
                0x00000000       0x98 CMakeFiles/LED-Control.dir/startup_stm32f103xb.s.obj
